env: load .env
env: export EXPO_PUBLIC_API_URL
Starting project at D:\Hari JR. DATA\Development\Billing\mobile
› Port 8081 is being used by another process
› Skipping dev server
env: load .env
env: export EXPO_PUBLIC_API_URL
Starting project at D:\Hari JR. DATA\Development\Billing\mobile
› Port 8081 is being used by another process
› Skipping dev server
env: load .env
env: export EXPO_PUBLIC_API_URL
Starting project at D:\Hari JR. DATA\Development\Billing\mobile
› Port 8081 is being used by another process
› Skipping dev server
env: load .env
env: export EXPO_PUBLIC_API_URL
Starting project at D:\Hari JR. DATA\Development\Billing\mobile
› Port 8081 is being used by another process
› Skipping dev server
env: load .env
env: export EXPO_PUBLIC_API_URL
Starting project at D:\Hari JR. DATA\Development\Billing\mobile
› Port 8081 is being used by another process
› Skipping dev server
env: load .env
env: export EXPO_PUBLIC_API_URL
Starting project at D:\Hari JR. DATA\Development\Billing\mobile
Expo Autolinking module resolution enabled
Starting Metro Bundler

env: load .env
env: export EXPO_PUBLIC_API_URL
Starting project at D:\Hari JR. DATA\Development\Billing\mobile
Expo Autolinking module resolution enabled
Starting Metro Bundler

Waiting on http://localhost:8081
An update for expo is available: 56.0.12 → ~56.0.20
8 other packages may need updating. Run npx expo install --check for details.
Logs for your project will appear below.
Web Bundled 14676ms node_modules\expo-router\entry.js (1020 modules)
Web  INFO  %cDownload the React DevTools for a better development experience: https://react.dev/link/react-devtools font-weight:bold
Web  LOG  Running application "main" with appParams:
 {"hydrate": undefined, "rootTag": "#root"} 
Development-level warnings: ON.
Performance optimizations: OFF.
Web Bundled 43ms node_modules\expo-router\entry.js (1 module)
Web  INFO  %cDownload the React DevTools for a better development experience: https://react.dev/link/react-devtools font-weight:bold
Web  LOG  Running application "main" with appParams:
 {"hydrate": undefined, "rootTag": "#root"} 
Development-level warnings: ON.
Performance optimizations: OFF.
Web Bundled 63ms node_modules\expo-router\entry.js (1 module)
Web  INFO  %cDownload the React DevTools for a better development experience: https://react.dev/link/react-devtools font-weight:bold
Web  LOG  Running application "main" with appParams:
 {"hydrate": undefined, "rootTag": "#root"} 
Development-level warnings: ON.
Performance optimizations: OFF.
Web Bundled 103ms node_modules\expo-router\entry.js (1 module)
Web  INFO  %cDownload the React DevTools for a better development experience: https://react.dev/link/react-devtools font-weight:bold
Web  LOG  Running application "main" with appParams:
 {"hydrate": undefined, "rootTag": "#root"} 
Development-level warnings: ON.
Performance optimizations: OFF.
Web Bundled 63ms node_modules\expo-router\entry.js (1 module)
Web  INFO  %cDownload the React DevTools for a better development experience: https://react.dev/link/react-devtools font-weight:bold
Web  LOG  Running application "main" with appParams:
 {"hydrate": undefined, "rootTag": "#root"} 
Development-level warnings: ON.
Performance optimizations: OFF.
Web Bundled 141ms node_modules\expo-router\entry.js (1 module)
Web  INFO  %cDownload the React DevTools for a better development experience: https://react.dev/link/react-devtools font-weight:bold
Web  LOG  Running application "main" with appParams:
 {"hydrate": undefined, "rootTag": "#root"} 
Development-level warnings: ON.
Performance optimizations: OFF.
env: load .env
env: export EXPO_PUBLIC_API_URL
Starting project at D:\Hari JR. DATA\Development\Billing\mobile
Expo Autolinking module resolution enabled
Starting Metro Bundler

Waiting on http://localhost:8081
An update for expo is available: 56.0.12 → ~56.0.20
8 other packages may need updating. Run npx expo install --check for details.
Logs for your project will appear below.
